
> chatbot@0.1.0 build C:\Users\User\OneDrive\Desktop\coffee\converso\Raft-Landing-Page
> next build

   Creating an optimized production build ...
 Γ£ô Compiled successfully
   Linting and checking validity of types ...
node.exe : 
At C:\Program 
Files\nodejs\pnpm.ps1:16 
char:5
+     & "$basedir/node$exe"  
"$basedir/node_modules/corepa
ck/dist/pnpm. ...
+     ~~~~~~~~~~~~~~~~~~~~~~~
~~~~~~~~~~~~~~~~~~~~~~~~~~~~~
~~~~~~~~~~~~~
    + CategoryInfo           
   : NotSpecified: (:String  
  ) [], RemoteException
    + FullyQualifiedErrorId  
   : NativeCommandError
 
Failed to compile.

./src/components/UI/Blog/Blog
Single/index.tsx
69:39  Error: `'` can be 
escaped with `&apos;`, 
`&lsquo;`, `&#39;`, 
`&rsquo;`.  
react/no-unescaped-entities

info  - Need to disable some 
ESLint rules? Learn more 
here: https://nextjs.org/docs
/basic-features/eslint#disabl
ing-rules
ΓÇëELIFECYCLEΓÇë Command failed with exit code 1.
